Component: ARM Compiler 5.06 update 5 (build 528) Tool: armlink [4d35e2]

==============================================================================

Section Cross References

    main.o(i.InitLEDs) refers to main.o(i.__NVIC_EnableIRQ) for __NVIC_EnableIRQ
    main.o(i.USB_HP_CAN1_TX_IRQHandler) refers to main.o(.data) for canTxReady
    main.o(i.USB_LP_CAN1_RX0_IRQHandler) refers to main.o(.data) for canRxReady
    main.o(i.main) refers to lcd.o(i.InitialiseLCDPins) for InitialiseLCDPins
    main.o(i.main) refers to can.o(i.CANInit) for CANInit
    main.o(i.main) refers to lcd.o(i.ScreenSetup) for ScreenSetup
    main.o(i.main) refers to main.o(i.InitLEDs) for InitLEDs
    main.o(i.main) refers to virtual_com.o(i.VirtualComInit) for VirtualComInit
    main.o(i.main) refers to xbee.o(i.uart_init) for uart_init
    main.o(i.main) refers to virtual_com.o(i.SendString) for SendString
    main.o(i.main) refers to virtual_com.o(i.SendLine) for SendLine
    main.o(i.main) refers to can.o(i.CANMsgAvail) for CANMsgAvail
    main.o(i.main) refers to can.o(i.CANReceive) for CANReceive
    main.o(i.main) refers to virtual_com.o(i.SendInt) for SendInt
    main.o(i.main) refers to lcd.o(i.UpdateScreenParameter) for UpdateScreenParameter
    main.o(i.main) refers to xbee.o(i.XBeeTransmitCan) for XBeeTransmitCan
    main.o(i.main) refers to lcd.o(i.SetBar) for SetBar
    main.o(i.main) refers to fflt_clz.o(x$fpl$fflt) for __aeabi_i2f
    main.o(i.main) refers to f2d.o(x$fpl$f2d) for __aeabi_f2d
    main.o(i.main) refers to dmul.o(x$fpl$dmul) for __aeabi_dmul
    main.o(i.main) refers to d2f.o(x$fpl$d2f) for __aeabi_d2f
    main.o(i.main) refers to ffix.o(x$fpl$ffix) for __aeabi_f2iz
    main.o(i.main) refers to fdiv.o(x$fpl$fdiv) for __aeabi_fdiv
    main.o(i.main) refers to frleqf.o(x$fpl$frleqf) for __aeabi_cfrcmple
    main.o(i.main) refers to ffixu.o(x$fpl$ffixu) for __aeabi_f2uiz
    main.o(i.main) refers to can.o(i.CANSend) for CANSend
    main.o(i.main) refers to main.o(.bss) for CAN_rx_msg
    main.o(i.main) refers to main.o(.data) for canTxReady
    virtual_com.o(i.SendInt) refers to virtual_com.o(i.SendChar) for SendChar
    virtual_com.o(i.SendLine) refers to virtual_com.o(i.SendChar) for SendChar
    virtual_com.o(i.SendString) refers to virtual_com.o(i.SendChar) for SendChar
    lcd.o(i.CharacterBitMaps) refers to rt_memcpy_w.o(.text) for __aeabi_memcpy4
    lcd.o(i.CharacterBitMaps) refers to lcd.o(i.TransmitCommand) for TransmitCommand
    lcd.o(i.CharacterBitMaps) refers to lcd.o(i.TransmitCommandParameter) for TransmitCommandParameter
    lcd.o(i.CharacterBitMaps) refers to lcd.o(i.SaveCharacterToRAM) for SaveCharacterToRAM
    lcd.o(i.CharacterBitMaps) refers to lcd.o(.constdata) for .constdata
    lcd.o(i.ClearScreen) refers to lcd.o(i.MoveCursor) for MoveCursor
    lcd.o(i.ClearScreen) refers to lcd.o(i.TransmitCommand) for TransmitCommand
    lcd.o(i.ClearScreen) refers to lcd.o(i.TransmitCommandParameter) for TransmitCommandParameter
    lcd.o(i.MoveCursor) refers to lcd.o(i.TransmitCommand) for TransmitCommand
    lcd.o(i.MoveCursor) refers to lcd.o(i.TransmitCommandParameter) for TransmitCommandParameter
    lcd.o(i.OutputPaddedInteger) refers to lcd.o(i.OutputString) for OutputString
    lcd.o(i.OutputString) refers to lcd.o(i.TransmitCommand) for TransmitCommand
    lcd.o(i.OutputString) refers to lcd.o(i.MoveCursor) for MoveCursor
    lcd.o(i.OutputString) refers to lcd.o(i.TransmitCommandParameter) for TransmitCommandParameter
    lcd.o(i.OutputString) refers to lcd.o(.data) for LOOKUPTABLE
    lcd.o(i.SaveCharacterToRAM) refers to lcd.o(i.TransmitCommand) for TransmitCommand
    lcd.o(i.SaveCharacterToRAM) refers to lcd.o(i.TransmitCommandParameter) for TransmitCommandParameter
    lcd.o(i.ScreenSetup) refers to lcd.o(i.TransmitCommand) for TransmitCommand
    lcd.o(i.ScreenSetup) refers to lcd.o(i.Delay) for Delay
    lcd.o(i.ScreenSetup) refers to lcd.o(i.TransmitCommandParameter) for TransmitCommandParameter
    lcd.o(i.ScreenSetup) refers to lcd.o(i.CharacterBitMaps) for CharacterBitMaps
    lcd.o(i.ScreenSetup) refers to lcd.o(i.SingleScreen) for SingleScreen
    lcd.o(i.SetBar) refers to lcd.o(i.MoveCursor) for MoveCursor
    lcd.o(i.SetBar) refers to lcd.o(i.TransmitCommand) for TransmitCommand
    lcd.o(i.SetBar) refers to lcd.o(i.TransmitCommandParameter) for TransmitCommandParameter
    lcd.o(i.SingleScreen) refers to lcd.o(i.ClearScreen) for ClearScreen
    lcd.o(i.SingleScreen) refers to lcd.o(i.OutputString) for OutputString
    lcd.o(i.SingleScreen) refers to lcd.o(i.SetBar) for SetBar
    lcd.o(i.TransmitCommand) refers to lcd.o(i.WriteByteToDataBus) for WriteByteToDataBus
    lcd.o(i.TransmitCommand) refers to lcd.o(i.MicrosecondDelay) for MicrosecondDelay
    lcd.o(i.TransmitCommandParameter) refers to lcd.o(i.WriteByteToDataBus) for WriteByteToDataBus
    lcd.o(i.TransmitCommandParameter) refers to lcd.o(i.MicrosecondDelay) for MicrosecondDelay
    lcd.o(i.UpdateScreenParameter) refers to lcd.o(i.OutputString) for OutputString
    lcd.o(i.UpdateScreenParameter) refers to lcd.o(i.OutputPaddedInteger) for OutputPaddedInteger
    xbee.o(i.XBeeSendChar) refers to xbee.o(i.XBeeSendByte) for XBeeSendByte
    xbee.o(i.XBeeTransmitCan) refers to xbee.o(i.XBeeSendChar) for XBeeSendChar
    xbee.o(i.XBeeTransmitCan) refers to xbee.o(i.XBeeSendByte) for XBeeSendByte
    startup_stm32f10x_md.o(STACK) refers (Special) to heapauxi.o(.text) for __use_two_region_memory
    startup_stm32f10x_md.o(HEAP) refers (Special) to heapauxi.o(.text) for __use_two_region_memory
    startup_stm32f10x_md.o(RESET) refers (Special) to heapauxi.o(.text) for __use_two_region_memory
    startup_stm32f10x_md.o(RESET) refers to startup_stm32f10x_md.o(STACK) for __initial_sp
    startup_stm32f10x_md.o(RESET) refers to startup_stm32f10x_md.o(.text) for Reset_Handler
    startup_stm32f10x_md.o(RESET) refers to main.o(i.EXTI3_IRQHandler) for EXTI3_IRQHandler
    startup_stm32f10x_md.o(RESET) refers to main.o(i.USB_HP_CAN1_TX_IRQHandler) for USB_HP_CAN1_TX_IRQHandler
    startup_stm32f10x_md.o(RESET) refers to main.o(i.USB_LP_CAN1_RX0_IRQHandler) for USB_LP_CAN1_RX0_IRQHandler
    startup_stm32f10x_md.o(.text) refers (Special) to heapauxi.o(.text) for __use_two_region_memory
    startup_stm32f10x_md.o(.text) refers to system_stm32f10x.o(i.SystemInit) for SystemInit
    startup_stm32f10x_md.o(.text) refers to __main.o(!!!main) for __main
    startup_stm32f10x_md.o(.text) refers to startup_stm32f10x_md.o(HEAP) for Heap_Mem
    startup_stm32f10x_md.o(.text) refers to startup_stm32f10x_md.o(STACK) for Stack_Mem
    system_stm32f10x.o(i.SetSysClock) refers to system_stm32f10x.o(i.SetSysClockTo72) for SetSysClockTo72
    system_stm32f10x.o(i.SystemCoreClockUpdate) refers to system_stm32f10x.o(.data) for SystemCoreClock
    system_stm32f10x.o(i.SystemInit) refers to system_stm32f10x.o(i.SetSysClock) for SetSysClock
    __main.o(!!!main) refers to __rtentry.o(.ARM.Collect$$rtentry$$00000000) for __rt_entry
    d2f.o(x$fpl$d2f) refers (Special) to usenofp.o(x$fpl$usenofp) for __I$use$fp
    d2f.o(x$fpl$d2f) refers to fretinf.o(x$fpl$fretinf) for __fpl_fretinf
    d2f.o(x$fpl$d2f) refers to dnaninf.o(x$fpl$dnaninf) for __fpl_dnaninf
    dmul.o(x$fpl$dmul) refers (Special) to usenofp.o(x$fpl$usenofp) for __I$use$fp
    dmul.o(x$fpl$dmul) refers to dretinf.o(x$fpl$dretinf) for __fpl_dretinf
    dmul.o(x$fpl$dmul) refers to dnaninf.o(x$fpl$dnaninf) for __fpl_dnaninf
    f2d.o(x$fpl$f2d) refers (Special) to usenofp.o(x$fpl$usenofp) for __I$use$fp
    f2d.o(x$fpl$f2d) refers to fnaninf.o(x$fpl$fnaninf) for __fpl_fnaninf
    f2d.o(x$fpl$f2d) refers to dretinf.o(x$fpl$dretinf) for __fpl_dretinf
    fdiv.o(x$fpl$frdiv) refers (Special) to usenofp.o(x$fpl$usenofp) for __I$use$fp
    fdiv.o(x$fpl$frdiv) refers to fdiv.o(x$fpl$fdiv) for _fdiv1
    fdiv.o(x$fpl$fdiv) refers (Special) to usenofp.o(x$fpl$usenofp) for __I$use$fp
    fdiv.o(x$fpl$fdiv) refers to fretinf.o(x$fpl$fretinf) for __fpl_fretinf
    fdiv.o(x$fpl$fdiv) refers to fnaninf.o(x$fpl$fnaninf) for __fpl_fnaninf
    ffix.o(x$fpl$ffix) refers (Special) to usenofp.o(x$fpl$usenofp) for __I$use$fp
    ffix.o(x$fpl$ffix) refers to fnaninf.o(x$fpl$fnaninf) for __fpl_fnaninf
    ffix.o(x$fpl$ffixr) refers (Special) to usenofp.o(x$fpl$usenofp) for __I$use$fp
    ffix.o(x$fpl$ffixr) refers to fnaninf.o(x$fpl$fnaninf) for __fpl_fnaninf
    ffixu.o(x$fpl$ffixu) refers (Special) to usenofp.o(x$fpl$usenofp) for __I$use$fp
    ffixu.o(x$fpl$ffixu) refers to fnaninf.o(x$fpl$fnaninf) for __fpl_fnaninf
    ffixu.o(x$fpl$ffixur) refers (Special) to usenofp.o(x$fpl$usenofp) for __I$use$fp
    ffixu.o(x$fpl$ffixur) refers to fnaninf.o(x$fpl$fnaninf) for __fpl_fnaninf
    fflt_clz.o(x$fpl$ffltu) refers (Special) to usenofp.o(x$fpl$usenofp) for __I$use$fp
    fflt_clz.o(x$fpl$fflt) refers (Special) to usenofp.o(x$fpl$usenofp) for __I$use$fp
    fflt_clz.o(x$fpl$ffltn) refers (Special) to usenofp.o(x$fpl$usenofp) for __I$use$fp
    frleqf.o(x$fpl$frleqf) refers (Special) to usenofp.o(x$fpl$usenofp) for __I$use$fp
    frleqf.o(x$fpl$frleqf) refers to fleqf.o(x$fpl$fleqf) for __fpl_fcmple_InfNaN
    __rtentry.o(.ARM.Collect$$rtentry$$00000000) refers (Special) to __rtentry2.o(.ARM.Collect$$rtentry$$0000000A) for __rt_entry_li
    __rtentry.o(.ARM.Collect$$rtentry$$00000000) refers (Special) to __rtentry2.o(.ARM.Collect$$rtentry$$0000000D) for __rt_entry_main
    __rtentry.o(.ARM.Collect$$rtentry$$00000000) refers (Special) to __rtentry2.o(.ARM.Collect$$rtentry$$0000000C) for __rt_entry_postli_1
    __rtentry.o(.ARM.Collect$$rtentry$$00000000) refers (Special) to __rtentry2.o(.ARM.Collect$$rtentry$$00000009) for __rt_entry_postsh_1
    __rtentry.o(.ARM.Collect$$rtentry$$00000000) refers (Special) to __rtentry2.o(.ARM.Collect$$rtentry$$00000002) for __rt_entry_presh_1
    __rtentry.o(.ARM.Collect$$rtentry$$00000000) refers (Special) to __rtentry4.o(.ARM.Collect$$rtentry$$00000004) for __rt_entry_sh
    dnaninf.o(x$fpl$dnaninf) refers (Special) to usenofp.o(x$fpl$usenofp) for __I$use$fp
    dretinf.o(x$fpl$dretinf) refers (Special) to usenofp.o(x$fpl$usenofp) for __I$use$fp
    fleqf.o(x$fpl$fleqf) refers (Special) to usenofp.o(x$fpl$usenofp) for __I$use$fp
    fleqf.o(x$fpl$fleqf) refers to fnaninf.o(x$fpl$fnaninf) for __fpl_fnaninf
    fleqf.o(x$fpl$fleqf) refers to fcmpi.o(x$fpl$fcmpinf) for __fpl_fcmp_Inf
    fnaninf.o(x$fpl$fnaninf) refers (Special) to usenofp.o(x$fpl$usenofp) for __I$use$fp
    fretinf.o(x$fpl$fretinf) refers (Special) to usenofp.o(x$fpl$usenofp) for __I$use$fp
    __rtentry2.o(.ARM.Collect$$rtentry$$00000008) refers to boardinit2.o(.text) for _platform_post_stackheap_init
    __rtentry2.o(.ARM.Collect$$rtentry$$0000000A) refers to libinit.o(.ARM.Collect$$libinit$$00000000) for __rt_lib_init
    __rtentry2.o(.ARM.Collect$$rtentry$$0000000B) refers to boardinit3.o(.text) for _platform_post_lib_init
    __rtentry2.o(.ARM.Collect$$rtentry$$0000000D) refers to main.o(i.main) for main
    __rtentry2.o(.ARM.Collect$$rtentry$$0000000D) refers to exit.o(.text) for exit
    __rtentry2.o(.ARM.exidx) refers to __rtentry2.o(.ARM.Collect$$rtentry$$00000001) for .ARM.Collect$$rtentry$$00000001
    __rtentry2.o(.ARM.exidx) refers to __rtentry2.o(.ARM.Collect$$rtentry$$00000008) for .ARM.Collect$$rtentry$$00000008
    __rtentry2.o(.ARM.exidx) refers to __rtentry2.o(.ARM.Collect$$rtentry$$0000000A) for .ARM.Collect$$rtentry$$0000000A
    __rtentry2.o(.ARM.exidx) refers to __rtentry2.o(.ARM.Collect$$rtentry$$0000000B) for .ARM.Collect$$rtentry$$0000000B
    __rtentry2.o(.ARM.exidx) refers to __rtentry2.o(.ARM.Collect$$rtentry$$0000000D) for .ARM.Collect$$rtentry$$0000000D
    __rtentry4.o(.ARM.Collect$$rtentry$$00000004) refers to sys_stackheap_outer.o(.text) for __user_setup_stackheap
    __rtentry4.o(.ARM.exidx) refers to __rtentry4.o(.ARM.Collect$$rtentry$$00000004) for .ARM.Collect$$rtentry$$00000004
    fcmpi.o(x$fpl$fcmpinf) refers (Special) to usenofp.o(x$fpl$usenofp) for __I$use$fp
    sys_stackheap_outer.o(.text) refers to libspace.o(.text) for __user_perproc_libspace
    sys_stackheap_outer.o(.text) refers to startup_stm32f10x_md.o(.text) for __user_initial_stackheap
    exit.o(.text) refers to rtexit.o(.ARM.Collect$$rtexit$$00000000) for __rt_exit
    libinit.o(.ARM.Collect$$libinit$$00000000) refers (Special) to libinit2.o(.ARM.Collect$$libinit$$0000002E) for __rt_lib_init_alloca_1
    libinit.o(.ARM.Collect$$libinit$$00000000) refers (Special) to libinit2.o(.ARM.Collect$$libinit$$0000002C) for __rt_lib_init_argv_1
    libinit.o(.ARM.Collect$$libinit$$00000000) refers (Special) to libinit2.o(.ARM.Collect$$libinit$$0000001B) for __rt_lib_init_atexit_1
    libinit.o(.ARM.Collect$$libinit$$00000000) refers (Special) to libinit2.o(.ARM.Collect$$libinit$$00000021) for __rt_lib_init_clock_1
    libinit.o(.ARM.Collect$$libinit$$00000000) refers (Special) to libinit2.o(.ARM.Collect$$libinit$$00000032) for __rt_lib_init_cpp_1
    libinit.o(.ARM.Collect$$libinit$$00000000) refers (Special) to libinit2.o(.ARM.Collect$$libinit$$00000030) for __rt_lib_init_exceptions_1
    libinit.o(.ARM.Collect$$libinit$$00000000) refers (Special) to libinit2.o(.ARM.Collect$$libinit$$00000002) for __rt_lib_init_fp_1
    libinit.o(.ARM.Collect$$libinit$$00000000) refers (Special) to libinit2.o(.ARM.Collect$$libinit$$0000001F) for __rt_lib_init_fp_trap_1
    libinit.o(.ARM.Collect$$libinit$$00000000) refers (Special) to libinit2.o(.ARM.Collect$$libinit$$00000023) for __rt_lib_init_getenv_1
    libinit.o(.ARM.Collect$$libinit$$00000000) refers (Special) to libinit2.o(.ARM.Collect$$libinit$$0000000A) for __rt_lib_init_heap_1
    libinit.o(.ARM.Collect$$libinit$$00000000) refers (Special) to libinit2.o(.ARM.Collect$$libinit$$00000011) for __rt_lib_init_lc_collate_1
    libinit.o(.ARM.Collect$$libinit$$00000000) refers (Special) to libinit2.o(.ARM.Collect$$libinit$$00000013) for __rt_lib_init_lc_ctype_1
    libinit.o(.ARM.Collect$$libinit$$00000000) refers (Special) to libinit2.o(.ARM.Collect$$libinit$$00000015) for __rt_lib_init_lc_monetary_1
    libinit.o(.ARM.Collect$$libinit$$00000000) refers (Special) to libinit2.o(.ARM.Collect$$libinit$$00000017) for __rt_lib_init_lc_numeric_1
    libinit.o(.ARM.Collect$$libinit$$00000000) refers (Special) to libinit2.o(.ARM.Collect$$libinit$$00000019) for __rt_lib_init_lc_time_1
    libinit.o(.ARM.Collect$$libinit$$00000000) refers (Special) to libinit2.o(.ARM.Collect$$libinit$$00000004) for __rt_lib_init_preinit_1
    libinit.o(.ARM.Collect$$libinit$$00000000) refers (Special) to libinit2.o(.ARM.Collect$$libinit$$0000000E) for __rt_lib_init_rand_1
    libinit.o(.ARM.Collect$$libinit$$00000000) refers (Special) to libinit2.o(.ARM.Collect$$libinit$$00000033) for __rt_lib_init_return
    libinit.o(.ARM.Collect$$libinit$$00000000) refers (Special) to libinit2.o(.ARM.Collect$$libinit$$0000001D) for __rt_lib_init_signal_1
    libinit.o(.ARM.Collect$$libinit$$00000000) refers (Special) to libinit2.o(.ARM.Collect$$libinit$$00000025) for __rt_lib_init_stdio_1
    libinit.o(.ARM.Collect$$libinit$$00000000) refers (Special) to libinit2.o(.ARM.Collect$$libinit$$0000000C) for __rt_lib_init_user_alloc_1
    libspace.o(.text) refers to libspace.o(.bss) for __libspace_start
    rtexit.o(.ARM.Collect$$rtexit$$00000000) refers (Special) to rtexit2.o(.ARM.Collect$$rtexit$$00000004) for __rt_exit_exit
    rtexit.o(.ARM.Collect$$rtexit$$00000000) refers (Special) to rtexit2.o(.ARM.Collect$$rtexit$$00000003) for __rt_exit_ls
    rtexit.o(.ARM.Collect$$rtexit$$00000000) refers (Special) to rtexit2.o(.ARM.Collect$$rtexit$$00000002) for __rt_exit_prels_1
    rtexit.o(.ARM.exidx) refers (Special) to rtexit2.o(.ARM.Collect$$rtexit$$00000004) for __rt_exit_exit
    rtexit.o(.ARM.exidx) refers (Special) to rtexit2.o(.ARM.Collect$$rtexit$$00000003) for __rt_exit_ls
    rtexit.o(.ARM.exidx) refers (Special) to rtexit2.o(.ARM.Collect$$rtexit$$00000002) for __rt_exit_prels_1
    rtexit.o(.ARM.exidx) refers to rtexit.o(.ARM.Collect$$rtexit$$00000000) for .ARM.Collect$$rtexit$$00000000
    libinit2.o(.ARM.Collect$$libinit$$00000010) refers to libinit2.o(.ARM.Collect$$libinit$$0000000F) for .ARM.Collect$$libinit$$0000000F
    libinit2.o(.ARM.Collect$$libinit$$00000012) refers to libinit2.o(.ARM.Collect$$libinit$$0000000F) for .ARM.Collect$$libinit$$0000000F
    libinit2.o(.ARM.Collect$$libinit$$00000014) refers to libinit2.o(.ARM.Collect$$libinit$$0000000F) for .ARM.Collect$$libinit$$0000000F
    libinit2.o(.ARM.Collect$$libinit$$00000016) refers to libinit2.o(.ARM.Collect$$libinit$$0000000F) for .ARM.Collect$$libinit$$0000000F
    libinit2.o(.ARM.Collect$$libinit$$00000018) refers to libinit2.o(.ARM.Collect$$libinit$$0000000F) for .ARM.Collect$$libinit$$0000000F
    libinit2.o(.ARM.Collect$$libinit$$00000026) refers to argv_veneer.o(.emb_text) for __ARM_argv_veneer
    libinit2.o(.ARM.Collect$$libinit$$00000027) refers to argv_veneer.o(.emb_text) for __ARM_argv_veneer
    rtexit2.o(.ARM.Collect$$rtexit$$00000003) refers to libshutdown.o(.ARM.Collect$$libshutdown$$00000000) for __rt_lib_shutdown
    rtexit2.o(.ARM.Collect$$rtexit$$00000004) refers to sys_exit.o(.text) for _sys_exit
    rtexit2.o(.ARM.exidx) refers to rtexit2.o(.ARM.Collect$$rtexit$$00000001) for .ARM.Collect$$rtexit$$00000001
    rtexit2.o(.ARM.exidx) refers to rtexit2.o(.ARM.Collect$$rtexit$$00000003) for .ARM.Collect$$rtexit$$00000003
    rtexit2.o(.ARM.exidx) refers to rtexit2.o(.ARM.Collect$$rtexit$$00000004) for .ARM.Collect$$rtexit$$00000004
    argv_veneer.o(.emb_text) refers to no_argv.o(.text) for __ARM_get_argv
    sys_exit.o(.text) refers (Special) to use_no_semi.o(.text) for __I$use$semihosting
    sys_exit.o(.text) refers (Special) to indicate_semi.o(.text) for __semihosting_library_function
    _get_argv_nomalloc.o(.text) refers (Special) to hrguard.o(.text) for __heap_region$guard
    _get_argv_nomalloc.o(.text) refers to defsig_rtmem_outer.o(.text) for __rt_SIGRTMEM
    _get_argv_nomalloc.o(.text) refers to sys_command.o(.text) for _sys_command_string
    libshutdown.o(.ARM.Collect$$libshutdown$$00000000) refers (Special) to libshutdown2.o(.ARM.Collect$$libshutdown$$00000002) for __rt_lib_shutdown_cpp_1
    libshutdown.o(.ARM.Collect$$libshutdown$$00000000) refers (Special) to libshutdown2.o(.ARM.Collect$$libshutdown$$00000007) for __rt_lib_shutdown_fp_trap_1
    libshutdown.o(.ARM.Collect$$libshutdown$$00000000) refers (Special) to libshutdown2.o(.ARM.Collect$$libshutdown$$0000000F) for __rt_lib_shutdown_heap_1
    libshutdown.o(.ARM.Collect$$libshutdown$$00000000) refers (Special) to libshutdown2.o(.ARM.Collect$$libshutdown$$00000010) for __rt_lib_shutdown_return
    libshutdown.o(.ARM.Collect$$libshutdown$$00000000) refers (Special) to libshutdown2.o(.ARM.Collect$$libshutdown$$0000000A) for __rt_lib_shutdown_signal_1
    libshutdown.o(.ARM.Collect$$libshutdown$$00000000) refers (Special) to libshutdown2.o(.ARM.Collect$$libshutdown$$00000004) for __rt_lib_shutdown_stdio_1
    libshutdown.o(.ARM.Collect$$libshutdown$$00000000) refers (Special) to libshutdown2.o(.ARM.Collect$$libshutdown$$0000000C) for __rt_lib_shutdown_user_alloc_1
    sys_command.o(.text) refers (Special) to use_no_semi.o(.text) for __I$use$semihosting
    sys_command.o(.text) refers (Special) to indicate_semi.o(.text) for __semihosting_library_function
    defsig_rtmem_outer.o(.text) refers to defsig_rtmem_inner.o(.text) for __rt_SIGRTMEM_inner
    defsig_rtmem_outer.o(.text) refers to defsig_exit.o(.text) for __sig_exit
    defsig_rtmem_formal.o(.text) refers to rt_raise.o(.text) for __rt_raise
    rt_raise.o(.text) refers to __raise.o(.text) for __raise
    rt_raise.o(.text) refers to sys_exit.o(.text) for _sys_exit
    defsig_exit.o(.text) refers to sys_exit.o(.text) for _sys_exit
    defsig_rtmem_inner.o(.text) refers to defsig_general.o(.text) for __default_signal_display
    __raise.o(.text) refers to defsig.o(CL$$defsig) for __default_signal_handler
    defsig_general.o(.text) refers to sys_wrch.o(.text) for _ttywrch
    sys_wrch.o(.text) refers (Special) to use_no_semi.o(.text) for __I$use$semihosting
    sys_wrch.o(.text) refers (Special) to indicate_semi.o(.text) for __semihosting_library_function
    defsig.o(CL$$defsig) refers to defsig_rtmem_inner.o(.text) for __rt_SIGRTMEM_inner
    defsig_abrt_inner.o(.text) refers to defsig_general.o(.text) for __default_signal_display
    defsig_fpe_inner.o(.text) refers to defsig_general.o(.text) for __default_signal_display
    defsig_rtred_inner.o(.text) refers to defsig_general.o(.text) for __default_signal_display
    defsig_stak_inner.o(.text) refers to defsig_general.o(.text) for __default_signal_display
    defsig_pvfn_inner.o(.text) refers to defsig_general.o(.text) for __default_signal_display
    defsig_cppl_inner.o(.text) refers to defsig_general.o(.text) for __default_signal_display
    defsig_segv_inner.o(.text) refers to defsig_general.o(.text) for __default_signal_display
    defsig_other.o(.text) refers to defsig_general.o(.text) for __default_signal_display


==============================================================================

Removing Unused input sections from the image.

    Removing main.o(.rev16_text), (4 bytes).
    Removing main.o(.revsh_text), (4 bytes).
    Removing main.o(.rrx_text), (6 bytes).
    Removing can.o(.rev16_text), (4 bytes).
    Removing can.o(.revsh_text), (4 bytes).
    Removing can.o(.rrx_text), (6 bytes).
    Removing virtual_com.o(.rev16_text), (4 bytes).
    Removing virtual_com.o(.revsh_text), (4 bytes).
    Removing virtual_com.o(.rrx_text), (6 bytes).
    Removing rtc.o(.rev16_text), (4 bytes).
    Removing rtc.o(.revsh_text), (4 bytes).
    Removing rtc.o(.rrx_text), (6 bytes).
    Removing rtc.o(i.RTCinit), (156 bytes).
    Removing lcd.o(.rev16_text), (4 bytes).
    Removing lcd.o(.revsh_text), (4 bytes).
    Removing lcd.o(.rrx_text), (6 bytes).
    Removing xbee.o(.rev16_text), (4 bytes).
    Removing xbee.o(.revsh_text), (4 bytes).
    Removing xbee.o(.rrx_text), (6 bytes).
    Removing system_stm32f10x.o(.rev16_text), (4 bytes).
    Removing system_stm32f10x.o(.revsh_text), (4 bytes).
    Removing system_stm32f10x.o(.rrx_text), (6 bytes).
    Removing system_stm32f10x.o(i.SystemCoreClockUpdate), (164 bytes).
    Removing system_stm32f10x.o(.data), (20 bytes).

24 unused section(s) (total 438 bytes) removed from the image.

==============================================================================

Image Symbol Table

    Local Symbols

    Symbol Name                              Value     Ov Type        Size  Object(Section)

    ../clib/angel/boardlib.s                 0x00000000   Number         0  boardinit1.o ABSOLUTE
    ../clib/angel/boardlib.s                 0x00000000   Number         0  boardinit3.o ABSOLUTE
    ../clib/angel/boardlib.s                 0x00000000   Number         0  boardinit2.o ABSOLUTE
    ../clib/angel/boardlib.s                 0x00000000   Number         0  boardshut.o ABSOLUTE
    ../clib/angel/handlers.s                 0x00000000   Number         0  __scatter_zi.o ABSOLUTE
    ../clib/angel/handlers.s                 0x00000000   Number         0  __scatter_copy.o ABSOLUTE
    ../clib/angel/kernel.s                   0x00000000   Number         0  __rtentry.o ABSOLUTE
    ../clib/angel/kernel.s                   0x00000000   Number         0  rtexit.o ABSOLUTE
    ../clib/angel/kernel.s                   0x00000000   Number         0  __rtentry4.o ABSOLUTE
    ../clib/angel/kernel.s                   0x00000000   Number         0  __rtentry2.o ABSOLUTE
    ../clib/angel/kernel.s                   0x00000000   Number         0  rtexit2.o ABSOLUTE
    ../clib/angel/rt.s                       0x00000000   Number         0  rt_raise.o ABSOLUTE
    ../clib/angel/scatter.s                  0x00000000   Number         0  __scatter.o ABSOLUTE
    ../clib/angel/startup.s                  0x00000000   Number         0  __main.o ABSOLUTE
    ../clib/angel/sys.s                      0x00000000   Number         0  sys_stackheap_outer.o ABSOLUTE
    ../clib/angel/sys.s                      0x00000000   Number         0  libspace.o ABSOLUTE
    ../clib/angel/sys.s                      0x00000000   Number         0  use_no_semi.o ABSOLUTE
    ../clib/angel/sys.s                      0x00000000   Number         0  indicate_semi.o ABSOLUTE
    ../clib/angel/sysapp.c                   0x00000000   Number         0  sys_wrch.o ABSOLUTE
    ../clib/angel/sysapp.c                   0x00000000   Number         0  sys_exit.o ABSOLUTE
    ../clib/angel/sysapp.c                   0x00000000   Number         0  sys_command.o ABSOLUTE
    ../clib/armsys.c                         0x00000000   Number         0  argv_veneer.o ABSOLUTE
    ../clib/armsys.c                         0x00000000   Number         0  argv_veneer.o ABSOLUTE
    ../clib/armsys.c                         0x00000000   Number         0  _get_argv_nomalloc.o ABSOLUTE
    ../clib/armsys.c                         0x00000000   Number         0  no_argv.o ABSOLUTE
    ../clib/heapalloc.c                      0x00000000   Number         0  hrguard.o ABSOLUTE
    ../clib/heapaux.c                        0x00000000   Number         0  heapauxi.o ABSOLUTE
    ../clib/libinit.s                        0x00000000   Number         0  libinit.o ABSOLUTE
    ../clib/libinit.s                        0x00000000   Number         0  libinit2.o ABSOLUTE
    ../clib/libinit.s                        0x00000000   Number         0  libshutdown.o ABSOLUTE
    ../clib/libinit.s                        0x00000000   Number         0  libshutdown2.o ABSOLUTE
    ../clib/memcpset.s                       0x00000000   Number         0  rt_memcpy_w.o ABSOLUTE
    ../clib/signal.c                         0x00000000   Number         0  defsig_rtmem_formal.o ABSOLUTE
    ../clib/signal.c                         0x00000000   Number         0  defsig_rtmem_outer.o ABSOLUTE
    ../clib/signal.c                         0x00000000   Number         0  defsig_general.o ABSOLUTE
    ../clib/signal.c                         0x00000000   Number         0  defsig_segv_inner.o ABSOLUTE
    ../clib/signal.c                         0x00000000   Number         0  defsig_cppl_inner.o ABSOLUTE
    ../clib/signal.c                         0x00000000   Number         0  defsig_pvfn_inner.o ABSOLUTE
    ../clib/signal.c                         0x00000000   Number         0  defsig_stak_inner.o ABSOLUTE
    ../clib/signal.c                         0x00000000   Number         0  defsig_rtred_inner.o ABSOLUTE
    ../clib/signal.c                         0x00000000   Number         0  defsig_fpe_inner.o ABSOLUTE
    ../clib/signal.c                         0x00000000   Number         0  defsig_abrt_inner.o ABSOLUTE
    ../clib/signal.c                         0x00000000   Number         0  defsig_other.o ABSOLUTE
    ../clib/signal.c                         0x00000000   Number         0  __raise.o ABSOLUTE
    ../clib/signal.c                         0x00000000   Number         0  defsig_rtmem_inner.o ABSOLUTE
    ../clib/signal.c                         0x00000000   Number         0  defsig_exit.o ABSOLUTE
    ../clib/signal.s                         0x00000000   Number         0  defsig.o ABSOLUTE
    ../clib/stdlib.c                         0x00000000   Number         0  exit.o ABSOLUTE
    ../fplib/d2f.s                           0x00000000   Number         0  d2f.o ABSOLUTE
    ../fplib/dmul.s                          0x00000000   Number         0  dmul.o ABSOLUTE
    ../fplib/dnaninf.s                       0x00000000   Number         0  dnaninf.o ABSOLUTE
    ../fplib/dretinf.s                       0x00000000   Number         0  dretinf.o ABSOLUTE
    ../fplib/f2d.s                           0x00000000   Number         0  f2d.o ABSOLUTE
    ../fplib/fcmpi.s                         0x00000000   Number         0  fcmpi.o ABSOLUTE
    ../fplib/fdiv.s                          0x00000000   Number         0  fdiv.o ABSOLUTE
    ../fplib/ffix.s                          0x00000000   Number         0  ffix.o ABSOLUTE
    ../fplib/ffixu.s                         0x00000000   Number         0  ffixu.o ABSOLUTE
    ../fplib/fflt.s                          0x00000000   Number         0  fflt_clz.o ABSOLUTE
    ../fplib/fleqf.s                         0x00000000   Number         0  fleqf.o ABSOLUTE
    ../fplib/fnaninf.s                       0x00000000   Number         0  fnaninf.o ABSOLUTE
    ../fplib/fpinit.s                        0x00000000   Number         0  fpinit.o ABSOLUTE
    ../fplib/fretinf.s                       0x00000000   Number         0  fretinf.o ABSOLUTE
    ../fplib/frleqf.s                        0x00000000   Number         0  frleqf.o ABSOLUTE
    ../fplib/usenofp.s                       0x00000000   Number         0  usenofp.o ABSOLUTE
    ..\Peripherals\CAN\CAN.c                 0x00000000   Number         0  can.o ABSOLUTE
    ..\Peripherals\RTC\RTC.c                 0x00000000   Number         0  rtc.o ABSOLUTE
    ..\Peripherals\virtual_com\virtual_com.c 0x00000000   Number         0  virtual_com.o ABSOLUTE
    ..\\Peripherals\\CAN\\CAN.c              0x00000000   Number         0  can.o ABSOLUTE
    ..\\Peripherals\\RTC\\RTC.c              0x00000000   Number         0  rtc.o ABSOLUTE
    ..\\Peripherals\\virtual_com\\virtual_com.c 0x00000000   Number         0  virtual_com.o ABSOLUTE
    RTE\Device\STM32F103RB\startup_stm32f10x_md.s 0x00000000   Number         0  startup_stm32f10x_md.o ABSOLUTE
    RTE\Device\STM32F103RB\system_stm32f10x.c 0x00000000   Number         0  system_stm32f10x.o ABSOLUTE
    RTE\\Device\\STM32F103RB\\system_stm32f10x.c 0x00000000   Number         0  system_stm32f10x.o ABSOLUTE
    dc.s                                     0x00000000   Number         0  dc.o ABSOLUTE
    src\LCD\LCD.c                            0x00000000   Number         0  lcd.o ABSOLUTE
    src\XBee\XBee.c                          0x00000000   Number         0  xbee.o ABSOLUTE
    src\\LCD\\LCD.c                          0x00000000   Number         0  lcd.o ABSOLUTE
    src\\XBee\\XBee.c                        0x00000000   Number         0  xbee.o ABSOLUTE
    src\\main.c                              0x00000000   Number         0  main.o ABSOLUTE
    src\main.c                               0x00000000   Number         0  main.o ABSOLUTE
    RESET                                    0x08000000   Section      236  startup_stm32f10x_md.o(RESET)
    !!!main                                  0x080000ec   Section        8  __main.o(!!!main)
    !!!scatter                               0x080000f4   Section       52  __scatter.o(!!!scatter)
    !!handler_copy                           0x08000128   Section       26  __scatter_copy.o(!!handler_copy)
    !!handler_zi                             0x08000144   Section       28  __scatter_zi.o(!!handler_zi)
    .ARM.Collect$$libinit$$00000000          0x08000160   Section        2  libinit.o(.ARM.Collect$$libinit$$00000000)
    .ARM.Collect$$libinit$$00000002          0x08000162   Section        0  libinit2.o(.ARM.Collect$$libinit$$00000002)
    .ARM.Collect$$libinit$$00000004          0x08000162   Section        0  libinit2.o(.ARM.Collect$$libinit$$00000004)
    .ARM.Collect$$libinit$$0000000A          0x08000162   Section        0  libinit2.o(.ARM.Collect$$libinit$$0000000A)
    .ARM.Collect$$libinit$$0000000C          0x08000162   Section        0  libinit2.o(.ARM.Collect$$libinit$$0000000C)
    .ARM.Collect$$libinit$$0000000E          0x08000162   Section        0  libinit2.o(.ARM.Collect$$libinit$$0000000E)
    .ARM.Collect$$libinit$$00000011          0x08000162   Section        0  libinit2.o(.ARM.Collect$$libinit$$00000011)
    .ARM.Collect$$libinit$$00000013          0x08000162   Section        0  libinit2.o(.ARM.Collect$$libinit$$00000013)
    .ARM.Collect$$libinit$$00000015          0x08000162   Section        0  libinit2.o(.ARM.Collect$$libinit$$00000015)
    .ARM.Collect$$libinit$$00000017          0x08000162   Section        0  libinit2.o(.ARM.Collect$$libinit$$00000017)
    .ARM.Collect$$libinit$$00000019          0x08000162   Section        0  libinit2.o(.ARM.Collect$$libinit$$00000019)
    .ARM.Collect$$libinit$$0000001B          0x08000162   Section        0  libinit2.o(.ARM.Collect$$libinit$$0000001B)
    .ARM.Collect$$libinit$$0000001D          0x08000162   Section        0  libinit2.o(.ARM.Collect$$libinit$$0000001D)
    .ARM.Collect$$libinit$$0000001F          0x08000162   Section        0  libinit2.o(.ARM.Collect$$libinit$$0000001F)
    .ARM.Collect$$libinit$$00000021          0x08000162   Section        0  libinit2.o(.ARM.Collect$$libinit$$00000021)
    .ARM.Collect$$libinit$$00000023          0x08000162   Section        0  libinit2.o(.ARM.Collect$$libinit$$00000023)
    .ARM.Collect$$libinit$$00000025          0x08000162   Section        0  libinit2.o(.ARM.Collect$$libinit$$00000025)
    .ARM.Collect$$libinit$$0000002C          0x08000162   Section        0  libinit2.o(.ARM.Collect$$libinit$$0000002C)
    .ARM.Collect$$libinit$$0000002E          0x08000162   Section        0  libinit2.o(.ARM.Collect$$libinit$$0000002E)
    .ARM.Collect$$libinit$$00000030          0x08000162   Section        0  libinit2.o(.ARM.Collect$$libinit$$00000030)
    .ARM.Collect$$libinit$$00000032          0x08000162   Section        0  libinit2.o(.ARM.Collect$$libinit$$00000032)
    .ARM.Collect$$libinit$$00000033          0x08000162   Section        2  libinit2.o(.ARM.Collect$$libinit$$00000033)
    .ARM.Collect$$libshutdown$$00000000      0x08000164   Section        2  libshutdown.o(.ARM.Collect$$libshutdown$$00000000)
    .ARM.Collect$$libshutdown$$00000002      0x08000166   Section        0  libshutdown2.o(.ARM.Collect$$libshutdown$$00000002)
    .ARM.Collect$$libshutdown$$00000004      0x08000166   Section        0  libshutdown2.o(.ARM.Collect$$libshutdown$$00000004)
    .ARM.Collect$$libshutdown$$00000007      0x08000166   Section        0  libshutdown2.o(.ARM.Collect$$libshutdown$$00000007)
    .ARM.Collect$$libshutdown$$0000000A      0x08000166   Section        0  libshutdown2.o(.ARM.Collect$$libshutdown$$0000000A)
    .ARM.Collect$$libshutdown$$0000000C      0x08000166   Section        0  libshutdown2.o(.ARM.Collect$$libshutdown$$0000000C)
    .ARM.Collect$$libshutdown$$0000000F      0x08000166   Section        0  libshutdown2.o(.ARM.Collect$$libshutdown$$0000000F)
    .ARM.Collect$$libshutdown$$00000010      0x08000166   Section        2  libshutdown2.o(.ARM.Collect$$libshutdown$$00000010)
    .ARM.Collect$$rtentry$$00000000          0x08000168   Section        0  __rtentry.o(.ARM.Collect$$rtentry$$00000000)
    .ARM.Collect$$rtentry$$00000002          0x08000168   Section        0  __rtentry2.o(.ARM.Collect$$rtentry$$00000002)
    .ARM.Collect$$rtentry$$00000004          0x08000168   Section        6  __rtentry4.o(.ARM.Collect$$rtentry$$00000004)
    .ARM.Collect$$rtentry$$00000009          0x0800016e   Section        0  __rtentry2.o(.ARM.Collect$$rtentry$$00000009)
    .ARM.Collect$$rtentry$$0000000A          0x0800016e   Section        4  __rtentry2.o(.ARM.Collect$$rtentry$$0000000A)
    .ARM.Collect$$rtentry$$0000000C          0x08000172   Section        0  __rtentry2.o(.ARM.Collect$$rtentry$$0000000C)
    .ARM.Collect$$rtentry$$0000000D          0x08000172   Section        8  __rtentry2.o(.ARM.Collect$$rtentry$$0000000D)
    .ARM.Collect$$rtexit$$00000000           0x0800017a   Section        2  rtexit.o(.ARM.Collect$$rtexit$$00000000)
    .ARM.Collect$$rtexit$$00000002           0x0800017c   Section        0  rtexit2.o(.ARM.Collect$$rtexit$$00000002)
    .ARM.Collect$$rtexit$$00000003           0x0800017c   Section        4  rtexit2.o(.ARM.Collect$$rtexit$$00000003)
    .ARM.Collect$$rtexit$$00000004           0x08000180   Section        6  rtexit2.o(.ARM.Collect$$rtexit$$00000004)
    .text                                    0x08000188   Section       64  startup_stm32f10x_md.o(.text)
    .text                                    0x080001c8   Section      100  rt_memcpy_w.o(.text)
    .text                                    0x0800022c   Section        0  heapauxi.o(.text)
    .text                                    0x08000232   Section       74  sys_stackheap_outer.o(.text)
    .text                                    0x0800027c   Section        0  exit.o(.text)
    .text                                    0x08000290   Section        8  libspace.o(.text)
    .text                                    0x08000298   Section        0  sys_exit.o(.text)
    .text                                    0x080002a4   Section        2  use_no_semi.o(.text)
    .text                                    0x080002a6   Section        0  indicate_semi.o(.text)
    i.CANInit                                0x080002a8   Section        0  can.o(i.CANInit)
    i.CANMsgAvail                            0x080003dc   Section        0  can.o(i.CANMsgAvail)
    i.CANReceive                             0x080003ec   Section        0  can.o(i.CANReceive)
    i.CANSend                                0x08000468   Section        0  can.o(i.CANSend)
    i.CharacterBitMaps                       0x080004e4   Section        0  lcd.o(i.CharacterBitMaps)
    i.ClearScreen                            0x08000530   Section        0  lcd.o(i.ClearScreen)
    i.Delay                                  0x0800055e   Section        0  lcd.o(i.Delay)
    i.EXTI3_IRQHandler                       0x08000578   Section        0  main.o(i.EXTI3_IRQHandler)
    i.InitLEDs                               0x080005c8   Section        0  main.o(i.InitLEDs)
    i.InitialiseLCDPins                      0x08000680   Section        0  lcd.o(i.InitialiseLCDPins)
    i.MicrosecondDelay                       0x080006e0   Section        0  lcd.o(i.MicrosecondDelay)
    i.MoveCursor                             0x080006f8   Section        0  lcd.o(i.MoveCursor)
    i.OutputPaddedInteger                    0x08000718   Section        0  lcd.o(i.OutputPaddedInteger)
    i.OutputString                           0x080007c0   Section        0  lcd.o(i.OutputString)
    i.SaveCharacterToRAM                     0x0800088c   Section        0  lcd.o(i.SaveCharacterToRAM)
    i.ScreenSetup                            0x080008bc   Section        0  lcd.o(i.ScreenSetup)
    i.SendChar                               0x0800099c   Section        0  virtual_com.o(i.SendChar)
    i.SendInt                                0x080009b8   Section        0  virtual_com.o(i.SendInt)
    i.SendLine                               0x080009fc   Section        0  virtual_com.o(i.SendLine)
    i.SendString                             0x08000a0c   Section        0  virtual_com.o(i.SendString)
    i.SetBar                                 0x08000a24   Section        0  lcd.o(i.SetBar)
    i.SetSysClock                            0x08000a9c   Section        0  system_stm32f10x.o(i.SetSysClock)
    SetSysClock                              0x08000a9d   Thumb Code     8  system_stm32f10x.o(i.SetSysClock)
    i.SetSysClockTo72                        0x08000aa4   Section        0  system_stm32f10x.o(i.SetSysClockTo72)
    SetSysClockTo72                          0x08000aa5   Thumb Code   214  system_stm32f10x.o(i.SetSysClockTo72)
    i.SingleScreen                           0x08000b84   Section        0  lcd.o(i.SingleScreen)
    i.SystemInit                             0x08000c18   Section        0  system_stm32f10x.o(i.SystemInit)
    i.TransmitCommand                        0x08000c78   Section        0  lcd.o(i.TransmitCommand)
    i.TransmitCommandParameter               0x08000ca4   Section        0  lcd.o(i.TransmitCommandParameter)
    i.USB_HP_CAN1_TX_IRQHandler              0x08000cd0   Section        0  main.o(i.USB_HP_CAN1_TX_IRQHandler)
    i.USB_LP_CAN1_RX0_IRQHandler             0x08000cdc   Section        0  main.o(i.USB_LP_CAN1_RX0_IRQHandler)
    i.UpdateScreenParameter                  0x08000ce8   Section        0  lcd.o(i.UpdateScreenParameter)
    i.VirtualComInit                         0x08000d14   Section        0  virtual_com.o(i.VirtualComInit)
    i.WriteByteToDataBus                     0x08000d80   Section        0  lcd.o(i.WriteByteToDataBus)
    i.XBeeSendByte                           0x08000d94   Section        0  xbee.o(i.XBeeSendByte)
    i.XBeeSendChar                           0x08000db0   Section        0  xbee.o(i.XBeeSendChar)
    i.XBeeTransmitCan                        0x08000de8   Section        0  xbee.o(i.XBeeTransmitCan)
    i.__NVIC_EnableIRQ                       0x08000e8c   Section        0  main.o(i.__NVIC_EnableIRQ)
    __NVIC_EnableIRQ                         0x08000e8d   Thumb Code    26  main.o(i.__NVIC_EnableIRQ)
    i.main                                   0x08000ea8   Section        0  main.o(i.main)
    i.uart_init                              0x08001210   Section        0  xbee.o(i.uart_init)
    x$fpl$d2f                                0x0800127c   Section       98  d2f.o(x$fpl$d2f)
    x$fpl$dmul                               0x080012e0   Section      340  dmul.o(x$fpl$dmul)
    x$fpl$dnaninf                            0x08001434   Section      156  dnaninf.o(x$fpl$dnaninf)
    x$fpl$dretinf                            0x080014d0   Section       12  dretinf.o(x$fpl$dretinf)
    x$fpl$f2d                                0x080014dc   Section       86  f2d.o(x$fpl$f2d)
    x$fpl$fcmpinf                            0x08001532   Section       24  fcmpi.o(x$fpl$fcmpinf)
    x$fpl$fdiv                               0x0800154c   Section      388  fdiv.o(x$fpl$fdiv)
    _fdiv1                                   0x0800154d   Thumb Code     0  fdiv.o(x$fpl$fdiv)
    x$fpl$ffix                               0x080016d0   Section       54  ffix.o(x$fpl$ffix)
    x$fpl$ffixu                              0x08001708   Section       62  ffixu.o(x$fpl$ffixu)
    x$fpl$fflt                               0x08001748   Section       48  fflt_clz.o(x$fpl$fflt)
    x$fpl$fleqf                              0x08001778   Section      104  fleqf.o(x$fpl$fleqf)
    x$fpl$fnaninf                            0x080017e0   Section      140  fnaninf.o(x$fpl$fnaninf)
    x$fpl$fretinf                            0x0800186c   Section       10  fretinf.o(x$fpl$fretinf)
    x$fpl$frleqf                             0x08001876   Section       98  frleqf.o(x$fpl$frleqf)
    .constdata                               0x080018d8   Section      256  lcd.o(.constdata)
    x$fpl$usenofp                            0x080018d8   Section        0  usenofp.o(x$fpl$usenofp)
    .data                                    0x20000000   Section        2  main.o(.data)
    .data                                    0x20000002   Section      164  lcd.o(.data)
    LOOKUPTABLE                              0x20000002   Data         164  lcd.o(.data)
    .bss                                     0x200000a8   Section       24  main.o(.bss)
    .bss                                     0x200000c0   Section       96  libspace.o(.bss)
    HEAP                                     0x20000120   Section      512  startup_stm32f10x_md.o(HEAP)
    Heap_Mem                                 0x20000120   Data         512  startup_stm32f10x_md.o(HEAP)
    STACK                                    0x20000320   Section     1024  startup_stm32f10x_md.o(STACK)
    Stack_Mem                                0x20000320   Data        1024  startup_stm32f10x_md.o(STACK)
    __initial_sp                             0x20000720   Data           0  startup_stm32f10x_md.o(STACK)

    Global Symbols

    Symbol Name                              Value     Ov Type        Size  Object(Section)

    BuildAttributes$$THM_ISAv4$P$D$K$B$S$PE$A:L22UL41UL21$X:L11$S22US41US21$IEEE1$IW$USESV6$~STKCKD$USESV7$~SHL$OSPACE$ROPI$EBA8$UX$STANDARDLIB$REQ8$PRES8$EABIv2 0x00000000   Number         0  anon$$obj.o ABSOLUTE
    __ARM_use_no_argv                        0x00000000   Number         0  main.o ABSOLUTE
    __ARM_exceptions_init                     - Undefined Weak Reference
    __alloca_initialize                       - Undefined Weak Reference
    __arm_preinit_                            - Undefined Weak Reference
    __cpp_initialize__aeabi_                  - Undefined Weak Reference
    __cxa_finalize                            - Undefined Weak Reference
    __rt_locale                               - Undefined Weak Reference
    __sigvec_lookup                           - Undefined Weak Reference
    _atexit_init                              - Undefined Weak Reference
    _call_atexit_fns                          - Undefined Weak Reference
    _clock_init                               - Undefined Weak Reference
    _fp_trap_init                             - Undefined Weak Reference
    _fp_trap_shutdown                         - Undefined Weak Reference
    _get_lc_collate                           - Undefined Weak Reference
    _get_lc_ctype                             - Undefined Weak Reference
    _get_lc_monetary                          - Undefined Weak Reference
    _get_lc_numeric                           - Undefined Weak Reference
    _get_lc_time                              - Undefined Weak Reference
    _getenv_init                              - Undefined Weak Reference
    _handle_redirection                       - Undefined Weak Reference
    _init_alloc                               - Undefined Weak Reference
    _init_user_alloc                          - Undefined Weak Reference
    _initio                                   - Undefined Weak Reference
    _rand_init                                - Undefined Weak Reference
    _signal_finish                            - Undefined Weak Reference
    _signal_init                              - Undefined Weak Reference
    _terminate_alloc                          - Undefined Weak Reference
    _terminate_user_alloc                     - Undefined Weak Reference
    _terminateio                              - Undefined Weak Reference
    __Vectors_Size                           0x000000ec   Number         0  startup_stm32f10x_md.o ABSOLUTE
    __Vectors                                0x08000000   Data           4  startup_stm32f10x_md.o(RESET)
    __Vectors_End                            0x080000ec   Data           0  startup_stm32f10x_md.o(RESET)
    __main                                   0x080000ed   Thumb Code     8  __main.o(!!!main)
    __scatterload                            0x080000f5   Thumb Code     0  __scatter.o(!!!scatter)
    __scatterload_rt2                        0x080000f5   Thumb Code    44  __scatter.o(!!!scatter)
    __scatterload_rt2_thumb_only             0x080000f5   Thumb Code     0  __scatter.o(!!!scatter)
    __scatterload_null                       0x08000103   Thumb Code     0  __scatter.o(!!!scatter)
    __scatterload_copy                       0x08000129   Thumb Code    26  __scatter_copy.o(!!handler_copy)
    __scatterload_zeroinit                   0x08000145   Thumb Code    28  __scatter_zi.o(!!handler_zi)
    __rt_lib_init                            0x08000161   Thumb Code     0  libinit.o(.ARM.Collect$$libinit$$00000000)
    __rt_lib_init_alloca_1                   0x08000163   Thumb Code     0  libinit2.o(.ARM.Collect$$libinit$$0000002E)
    __rt_lib_init_argv_1                     0x08000163   Thumb Code     0  libinit2.o(.ARM.Collect$$libinit$$0000002C)
    __rt_lib_init_atexit_1                   0x08000163   Thumb Code     0  libinit2.o(.ARM.Collect$$libinit$$0000001B)
    __rt_lib_init_clock_1                    0x08000163   Thumb Code     0  libinit2.o(.ARM.Collect$$libinit$$00000021)
    __rt_lib_init_cpp_1                      0x08000163   Thumb Code     0  libinit2.o(.ARM.Collect$$libinit$$00000032)
    __rt_lib_init_exceptions_1               0x08000163   Thumb Code     0  libinit2.o(.ARM.Collect$$libinit$$00000030)
    __rt_lib_init_fp_1                       0x08000163   Thumb Code     0  libinit2.o(.ARM.Collect$$libinit$$00000002)
    __rt_lib_init_fp_trap_1                  0x08000163   Thumb Code     0  libinit2.o(.ARM.Collect$$libinit$$0000001F)
    __rt_lib_init_getenv_1                   0x08000163   Thumb Code     0  libinit2.o(.ARM.Collect$$libinit$$00000023)
    __rt_lib_init_heap_1                     0x08000163   Thumb Code     0  libinit2.o(.ARM.Collect$$libinit$$0000000A)
    __rt_lib_init_lc_collate_1               0x08000163   Thumb Code     0  libinit2.o(.ARM.Collect$$libinit$$00000011)
    __rt_lib_init_lc_ctype_1                 0x08000163   Thumb Code     0  libinit2.o(.ARM.Collect$$libinit$$00000013)
    __rt_lib_init_lc_monetary_1              0x08000163   Thumb Code     0  libinit2.o(.ARM.Collect$$libinit$$00000015)
    __rt_lib_init_lc_numeric_1               0x08000163   Thumb Code     0  libinit2.o(.ARM.Collect$$libinit$$00000017)
    __rt_lib_init_lc_time_1                  0x08000163   Thumb Code     0  libinit2.o(.ARM.Collect$$libinit$$00000019)
    __rt_lib_init_preinit_1                  0x08000163   Thumb Code     0  libinit2.o(.ARM.Collect$$libinit$$00000004)
    __rt_lib_init_rand_1                     0x08000163   Thumb Code     0  libinit2.o(.ARM.Collect$$libinit$$0000000E)
    __rt_lib_init_return                     0x08000163   Thumb Code     0  libinit2.o(.ARM.Collect$$libinit$$00000033)
    __rt_lib_init_signal_1                   0x08000163   Thumb Code     0  libinit2.o(.ARM.Collect$$libinit$$0000001D)
    __rt_lib_init_stdio_1                    0x08000163   Thumb Code     0  libinit2.o(.ARM.Collect$$libinit$$00000025)
    __rt_lib_init_user_alloc_1               0x08000163   Thumb Code     0  libinit2.o(.ARM.Collect$$libinit$$0000000C)
    __rt_lib_shutdown                        0x08000165   Thumb Code     0  libshutdown.o(.ARM.Collect$$libshutdown$$00000000)
    __rt_lib_shutdown_cpp_1                  0x08000167   Thumb Code     0  libshutdown2.o(.ARM.Collect$$libshutdown$$00000002)
    __rt_lib_shutdown_fp_trap_1              0x08000167   Thumb Code     0  libshutdown2.o(.ARM.Collect$$libshutdown$$00000007)
    __rt_lib_shutdown_heap_1                 0x08000167   Thumb Code     0  libshutdown2.o(.ARM.Collect$$libshutdown$$0000000F)
    __rt_lib_shutdown_return                 0x08000167   Thumb Code     0  libshutdown2.o(.ARM.Collect$$libshutdown$$00000010)
    __rt_lib_shutdown_signal_1               0x08000167   Thumb Code     0  libshutdown2.o(.ARM.Collect$$libshutdown$$0000000A)
    __rt_lib_shutdown_stdio_1                0x08000167   Thumb Code     0  libshutdown2.o(.ARM.Collect$$libshutdown$$00000004)
    __rt_lib_shutdown_user_alloc_1           0x08000167   Thumb Code     0  libshutdown2.o(.ARM.Collect$$libshutdown$$0000000C)
    __rt_entry                               0x08000169   Thumb Code     0  __rtentry.o(.ARM.Collect$$rtentry$$00000000)
    __rt_entry_presh_1                       0x08000169   Thumb Code     0  __rtentry2.o(.ARM.Collect$$rtentry$$00000002)
    __rt_entry_sh                            0x08000169   Thumb Code     0  __rtentry4.o(.ARM.Collect$$rtentry$$00000004)
    __rt_entry_li                            0x0800016f   Thumb Code     0  __rtentry2.o(.ARM.Collect$$rtentry$$0000000A)
    __rt_entry_postsh_1                      0x0800016f   Thumb Code     0  __rtentry2.o(.ARM.Collect$$rtentry$$00000009)
    __rt_entry_main                          0x08000173   Thumb Code     0  __rtentry2.o(.ARM.Collect$$rtentry$$0000000D)
    __rt_entry_postli_1                      0x08000173   Thumb Code     0  __rtentry2.o(.ARM.Collect$$rtentry$$0000000C)
    __rt_exit                                0x0800017b   Thumb Code     0  rtexit.o(.ARM.Collect$$rtexit$$00000000)
    __rt_exit_ls                             0x0800017d   Thumb Code     0  rtexit2.o(.ARM.Collect$$rtexit$$00000003)
    __rt_exit_prels_1                        0x0800017d   Thumb Code     0  rtexit2.o(.ARM.Collect$$rtexit$$00000002)
    __rt_exit_exit                           0x08000181   Thumb Code     0  rtexit2.o(.ARM.Collect$$rtexit$$00000004)
    Reset_Handler                            0x08000189   Thumb Code     8  startup_stm32f10x_md.o(.text)
    NMI_Handler                              0x08000191   Thumb Code     2  startup_stm32f10x_md.o(.text)
    HardFault_Handler                        0x08000193   Thumb Code     2  startup_stm32f10x_md.o(.text)
    MemManage_Handler                        0x08000195   Thumb Code     2  startup_stm32f10x_md.o(.text)
    BusFault_Handler                         0x08000197   Thumb Code     2  startup_stm32f10x_md.o(.text)
    UsageFault_Handler                       0x08000199   Thumb Code     2  startup_stm32f10x_md.o(.text)
    SVC_Handler                              0x0800019b   Thumb Code     2  startup_stm32f10x_md.o(.text)
    DebugMon_Handler                         0x0800019d   Thumb Code     2  startup_stm32f10x_md.o(.text)
    PendSV_Handler                           0x0800019f   Thumb Code     2  startup_stm32f10x_md.o(.text)
    SysTick_Handler                          0x080001a1   Thumb Code     2  startup_stm32f10x_md.o(.text)
    ADC1_2_IRQHandler                        0x080001a3   Thumb Code     0  startup_stm32f10x_md.o(.text)
    CAN1_RX1_IRQHandler                      0x080001a3   Thumb Code     0  startup_stm32f10x_md.o(.text)
    CAN1_SCE_IRQHandler                      0x080001a3   Thumb Code     0  startup_stm32f10x_md.o(.text)
    DMA1_Channel1_IRQHandler                 0x080001a3   Thumb Code     0  startup_stm32f10x_md.o(.text)
    DMA1_Channel2_IRQHandler                 0x080001a3   Thumb Code     0  startup_stm32f10x_md.o(.text)
    DMA1_Channel3_IRQHandler                 0x080001a3   Thumb Code     0  startup_stm32f10x_md.o(.text)
    DMA1_Channel4_IRQHandler                 0x080001a3   Thumb Code     0  startup_stm32f10x_md.o(.text)
    DMA1_Channel5_IRQHandler                 0x080001a3   Thumb Code     0  startup_stm32f10x_md.o(.text)
    DMA1_Channel6_IRQHandler                 0x080001a3   Thumb Code     0  startup_stm32f10x_md.o(.text)
    DMA1_Channel7_IRQHandler                 0x080001a3   Thumb Code     0  startup_stm32f10x_md.o(.text)
    EXTI0_IRQHandler                         0x080001a3   Thumb Code     0  startup_stm32f10x_md.o(.text)
    EXTI15_10_IRQHandler                     0x080001a3   Thumb Code     0  startup_stm32f10x_md.o(.text)
    EXTI1_IRQHandler                         0x080001a3   Thumb Code     0  startup_stm32f10x_md.o(.text)
    EXTI2_IRQHandler                         0x080001a3   Thumb Code     0  startup_stm32f10x_md.o(.text)
    EXTI4_IRQHandler                         0x080001a3   Thumb Code     0  startup_stm32f10x_md.o(.text)
    EXTI9_5_IRQHandler                       0x080001a3   Thumb Code     0  startup_stm32f10x_md.o(.text)
    FLASH_IRQHandler                         0x080001a3   Thumb Code     0  startup_stm32f10x_md.o(.text)
    I2C1_ER_IRQHandler                       0x080001a3   Thumb Code     0  startup_stm32f10x_md.o(.text)
    I2C1_EV_IRQHandler                       0x080001a3   Thumb Code     0  startup_stm32f10x_md.o(.text)
    I2C2_ER_IRQHandler                       0x080001a3   Thumb Code     0  startup_stm32f10x_md.o(.text)
    I2C2_EV_IRQHandler                       0x080001a3   Thumb Code     0  startup_stm32f10x_md.o(.text)
    PVD_IRQHandler                           0x080001a3   Thumb Code     0  startup_stm32f10x_md.o(.text)
    RCC_IRQHandler                           0x080001a3   Thumb Code     0  startup_stm32f10x_md.o(.text)
    RTCAlarm_IRQHandler                      0x080001a3   Thumb Code     0  startup_stm32f10x_md.o(.text)
    RTC_IRQHandler                           0x080001a3   Thumb Code     0  startup_stm32f10x_md.o(.text)
    SPI1_IRQHandler                          0x080001a3   Thumb Code     0  startup_stm32f10x_md.o(.text)
    SPI2_IRQHandler                          0x080001a3   Thumb Code     0  startup_stm32f10x_md.o(.text)
    TAMPER_IRQHandler                        0x080001a3   Thumb Code     0  startup_stm32f10x_md.o(.text)
    TIM1_BRK_IRQHandler                      0x080001a3   Thumb Code     0  startup_stm32f10x_md.o(.text)
    TIM1_CC_IRQHandler                       0x080001a3   Thumb Code     0  startup_stm32f10x_md.o(.text)
    TIM1_TRG_COM_IRQHandler                  0x080001a3   Thumb Code     0  startup_stm32f10x_md.o(.text)
    TIM1_UP_IRQHandler                       0x080001a3   Thumb Code     0  startup_stm32f10x_md.o(.text)
    TIM2_IRQHandler                          0x080001a3   Thumb Code     0  startup_stm32f10x_md.o(.text)
    TIM3_IRQHandler                          0x080001a3   Thumb Code     0  startup_stm32f10x_md.o(.text)
    TIM4_IRQHandler                          0x080001a3   Thumb Code     0  startup_stm32f10x_md.o(.text)
    USART1_IRQHandler                        0x080001a3   Thumb Code     0  startup_stm32f10x_md.o(.text)
    USART2_IRQHandler                        0x080001a3   Thumb Code     0  startup_stm32f10x_md.o(.text)
    USART3_IRQHandler                        0x080001a3   Thumb Code     0  startup_stm32f10x_md.o(.text)
    USBWakeUp_IRQHandler                     0x080001a3   Thumb Code     0  startup_stm32f10x_md.o(.text)
    WWDG_IRQHandler                          0x080001a3   Thumb Code     0  startup_stm32f10x_md.o(.text)
    __user_initial_stackheap                 0x080001a5   Thumb Code     0  startup_stm32f10x_md.o(.text)
    __aeabi_memcpy4                          0x080001c9   Thumb Code     0  rt_memcpy_w.o(.text)
    __aeabi_memcpy8                          0x080001c9   Thumb Code     0  rt_memcpy_w.o(.text)
    __rt_memcpy_w                            0x080001c9   Thumb Code   100  rt_memcpy_w.o(.text)
    _memcpy_lastbytes_aligned                0x08000211   Thumb Code     0  rt_memcpy_w.o(.text)
    __use_two_region_memory                  0x0800022d   Thumb Code     2  heapauxi.o(.text)
    __rt_heap_escrow$2region                 0x0800022f   Thumb Code     2  heapauxi.o(.text)
    __rt_heap_expand$2region                 0x08000231   Thumb Code     2  heapauxi.o(.text)
    __user_setup_stackheap                   0x08000233   Thumb Code    74  sys_stackheap_outer.o(.text)
    exit                                     0x0800027d   Thumb Code    18  exit.o(.text)
    __user_libspace                          0x08000291   Thumb Code     8  libspace.o(.text)
    __user_perproc_libspace                  0x08000291   Thumb Code     0  libspace.o(.text)
    __user_perthread_libspace                0x08000291   Thumb Code     0  libspace.o(.text)
    _sys_exit                                0x08000299   Thumb Code     8  sys_exit.o(.text)
    __I$use$semihosting                      0x080002a5   Thumb Code     0  use_no_semi.o(.text)
    __use_no_semihosting_swi                 0x080002a5   Thumb Code     2  use_no_semi.o(.text)
    __semihosting_library_function           0x080002a7   Thumb Code     0  indicate_semi.o(.text)
    CANInit                                  0x080002a9   Thumb Code   280  can.o(i.CANInit)
    CANMsgAvail                              0x080003dd   Thumb Code    10  can.o(i.CANMsgAvail)
    CANReceive                               0x080003ed   Thumb Code   116  can.o(i.CANReceive)
    CANSend                                  0x08000469   Thumb Code   118  can.o(i.CANSend)
    CharacterBitMaps                         0x080004e5   Thumb Code    70  lcd.o(i.CharacterBitMaps)
    ClearScreen                              0x08000531   Thumb Code    46  lcd.o(i.ClearScreen)
    Delay                                    0x0800055f   Thumb Code    26  lcd.o(i.Delay)
    EXTI3_IRQHandler                         0x08000579   Thumb Code    72  main.o(i.EXTI3_IRQHandler)
    InitLEDs                                 0x080005c9   Thumb Code   162  main.o(i.InitLEDs)
    InitialiseLCDPins                        0x08000681   Thumb Code    82  lcd.o(i.InitialiseLCDPins)
    MicrosecondDelay                         0x080006e1   Thumb Code    24  lcd.o(i.MicrosecondDelay)
    MoveCursor                               0x080006f9   Thumb Code    32  lcd.o(i.MoveCursor)
    OutputPaddedInteger                      0x08000719   Thumb Code   138  lcd.o(i.OutputPaddedInteger)
    OutputString                             0x080007c1   Thumb Code   198  lcd.o(i.OutputString)
    SaveCharacterToRAM                       0x0800088d   Thumb Code    48  lcd.o(i.SaveCharacterToRAM)
    ScreenSetup                              0x080008bd   Thumb Code   222  lcd.o(i.ScreenSetup)
    SendChar                                 0x0800099d   Thumb Code    24  virtual_com.o(i.SendChar)
    SendInt                                  0x080009b9   Thumb Code    46  virtual_com.o(i.SendInt)
    SendLine                                 0x080009fd   Thumb Code    16  virtual_com.o(i.SendLine)
    SendString                               0x08000a0d   Thumb Code    24  virtual_com.o(i.SendString)
    SetBar                                   0x08000a25   Thumb Code   120  lcd.o(i.SetBar)
    SingleScreen                             0x08000b85   Thumb Code   128  lcd.o(i.SingleScreen)
    SystemInit                               0x08000c19   Thumb Code    78  system_stm32f10x.o(i.SystemInit)
    TransmitCommand                          0x08000c79   Thumb Code    40  lcd.o(i.TransmitCommand)
    TransmitCommandParameter                 0x08000ca5   Thumb Code    40  lcd.o(i.TransmitCommandParameter)
    USB_HP_CAN1_TX_IRQHandler                0x08000cd1   Thumb Code     8  main.o(i.USB_HP_CAN1_TX_IRQHandler)
    USB_LP_CAN1_RX0_IRQHandler               0x08000cdd   Thumb Code     8  main.o(i.USB_LP_CAN1_RX0_IRQHandler)
    UpdateScreenParameter                    0x08000ce9   Thumb Code    34  lcd.o(i.UpdateScreenParameter)
    VirtualComInit                           0x08000d15   Thumb Code    94  virtual_com.o(i.VirtualComInit)
    WriteByteToDataBus                       0x08000d81   Thumb Code    16  lcd.o(i.WriteByteToDataBus)
    XBeeSendByte                             0x08000d95   Thumb Code    24  xbee.o(i.XBeeSendByte)
    XBeeSendChar                             0x08000db1   Thumb Code    34  xbee.o(i.XBeeSendChar)
    XBeeTransmitCan                          0x08000de9   Thumb Code   140  xbee.o(i.XBeeTransmitCan)
    main                                     0x08000ea9   Thumb Code   784  main.o(i.main)
    uart_init                                0x08001211   Thumb Code    94  xbee.o(i.uart_init)
    __aeabi_d2f                              0x0800127d   Thumb Code     0  d2f.o(x$fpl$d2f)
    _d2f                                     0x0800127d   Thumb Code    98  d2f.o(x$fpl$d2f)
    __aeabi_dmul                             0x080012e1   Thumb Code     0  dmul.o(x$fpl$dmul)
    _dmul                                    0x080012e1   Thumb Code   332  dmul.o(x$fpl$dmul)
    __fpl_dnaninf                            0x08001435   Thumb Code   156  dnaninf.o(x$fpl$dnaninf)
    __fpl_dretinf                            0x080014d1   Thumb Code    12  dretinf.o(x$fpl$dretinf)
    __aeabi_f2d                              0x080014dd   Thumb Code     0  f2d.o(x$fpl$f2d)
    _f2d                                     0x080014dd   Thumb Code    86  f2d.o(x$fpl$f2d)
    __fpl_fcmp_Inf                           0x08001533   Thumb Code    24  fcmpi.o(x$fpl$fcmpinf)
    __aeabi_fdiv                             0x0800154d   Thumb Code     0  fdiv.o(x$fpl$fdiv)
    _fdiv                                    0x0800154d   Thumb Code   384  fdiv.o(x$fpl$fdiv)
    __aeabi_f2iz                             0x080016d1   Thumb Code     0  ffix.o(x$fpl$ffix)
    _ffix                                    0x080016d1   Thumb Code    54  ffix.o(x$fpl$ffix)
    __aeabi_f2uiz                            0x08001709   Thumb Code     0  ffixu.o(x$fpl$ffixu)
    _ffixu                                   0x08001709   Thumb Code    62  ffixu.o(x$fpl$ffixu)
    __aeabi_i2f                              0x08001749   Thumb Code     0  fflt_clz.o(x$fpl$fflt)
    _fflt                                    0x08001749   Thumb Code    48  fflt_clz.o(x$fpl$fflt)
    __aeabi_cfcmple                          0x08001779   Thumb Code     0  fleqf.o(x$fpl$fleqf)
    _fcmple                                  0x08001779   Thumb Code   104  fleqf.o(x$fpl$fleqf)
    __fpl_fcmple_InfNaN                      0x080017cb   Thumb Code     0  fleqf.o(x$fpl$fleqf)
    __fpl_fnaninf                            0x080017e1   Thumb Code   140  fnaninf.o(x$fpl$fnaninf)
    __fpl_fretinf                            0x0800186d   Thumb Code    10  fretinf.o(x$fpl$fretinf)
    __aeabi_cfrcmple                         0x08001877   Thumb Code     0  frleqf.o(x$fpl$frleqf)
    _frcmple                                 0x08001877   Thumb Code    98  frleqf.o(x$fpl$frleqf)
    __I$use$fp                               0x080018d8   Number         0  usenofp.o(x$fpl$usenofp)
    Region$$Table$$Base                      0x080019d8   Number         0  anon$$obj.o(Region$$Table)
    Region$$Table$$Limit                     0x080019f8   Number         0  anon$$obj.o(Region$$Table)
    canTxReady                               0x20000000   Data           1  main.o(.data)
    canRxReady                               0x20000001   Data           1  main.o(.data)
    CAN_rx_msg                               0x200000a8   Data          12  main.o(.bss)
    CAN_tx_msg                               0x200000b4   Data          12  main.o(.bss)
    __libspace_start                         0x200000c0   Data          96  libspace.o(.bss)
    __temporary_stack_top$libspace           0x20000120   Data           0  libspace.o(.bss)



==============================================================================

Memory Map of the image

  Image Entry point : 0x08000189

  Load Region LR_1 (Base: 0x08000000, Size: 0x00001aa0, Max: 0xffffffff, ABSOLUTE)

    Execution Region ER_RO (Exec base: 0x08000000, Load base: 0x08000000, Size: 0x000019f8, Max: 0xffffffff, ABSOLUTE)

    Exec Addr    Load Addr    Size         Type   Attr      Idx    E Section Name        Object

    0x08000000   0x08000000   0x000000ec   Data   RO          390    RESET               startup_stm32f10x_md.o
    0x080000ec   0x080000ec   0x00000008   Code   RO          447  * !!!main             c_w.l(__main.o)
    0x080000f4   0x080000f4   0x00000034   Code   RO          643    !!!scatter          c_w.l(__scatter.o)
    0x08000128   0x08000128   0x0000001a   Code   RO          645    !!handler_copy      c_w.l(__scatter_copy.o)
    0x08000142   0x08000142   0x00000002   PAD
    0x08000144   0x08000144   0x0000001c   Code   RO          647    !!handler_zi        c_w.l(__scatter_zi.o)
    0x08000160   0x08000160   0x00000002   Code   RO          513    .ARM.Collect$$libinit$$00000000  c_w.l(libinit.o)
    0x08000162   0x08000162   0x00000000   Code   RO          520    .ARM.Collect$$libinit$$00000002  c_w.l(libinit2.o)
    0x08000162   0x08000162   0x00000000   Code   RO          522    .ARM.Collect$$libinit$$00000004  c_w.l(libinit2.o)
    0x08000162   0x08000162   0x00000000   Code   RO          525    .ARM.Collect$$libinit$$0000000A  c_w.l(libinit2.o)
    0x08000162   0x08000162   0x00000000   Code   RO          527    .ARM.Collect$$libinit$$0000000C  c_w.l(libinit2.o)
    0x08000162   0x08000162   0x00000000   Code   RO          529    .ARM.Collect$$libinit$$0000000E  c_w.l(libinit2.o)
    0x08000162   0x08000162   0x00000000   Code   RO          532    .ARM.Collect$$libinit$$00000011  c_w.l(libinit2.o)
    0x08000162   0x08000162   0x00000000   Code   RO          534    .ARM.Collect$$libinit$$00000013  c_w.l(libinit2.o)
    0x08000162   0x08000162   0x00000000   Code   RO          536    .ARM.Collect$$libinit$$00000015  c_w.l(libinit2.o)
    0x08000162   0x08000162   0x00000000   Code   RO          538    .ARM.Collect$$libinit$$00000017  c_w.l(libinit2.o)
    0x08000162   0x08000162   0x00000000   Code   RO          540    .ARM.Collect$$libinit$$00000019  c_w.l(libinit2.o)
    0x08000162   0x08000162   0x00000000   Code   RO          542    .ARM.Collect$$libinit$$0000001B  c_w.l(libinit2.o)
    0x08000162   0x08000162   0x00000000   Code   RO          544    .ARM.Collect$$libinit$$0000001D  c_w.l(libinit2.o)
    0x08000162   0x08000162   0x00000000   Code   RO          546    .ARM.Collect$$libinit$$0000001F  c_w.l(libinit2.o)
    0x08000162   0x08000162   0x00000000   Code   RO          548    .ARM.Collect$$libinit$$00000021  c_w.l(libinit2.o)
    0x08000162   0x08000162   0x00000000   Code   RO          550    .ARM.Collect$$libinit$$00000023  c_w.l(libinit2.o)
    0x08000162   0x08000162   0x00000000   Code   RO          552    .ARM.Collect$$libinit$$00000025  c_w.l(libinit2.o)
    0x08000162   0x08000162   0x00000000   Code   RO          556    .ARM.Collect$$libinit$$0000002C  c_w.l(libinit2.o)
    0x08000162   0x08000162   0x00000000   Code   RO          558    .ARM.Collect$$libinit$$0000002E  c_w.l(libinit2.o)
    0x08000162   0x08000162   0x00000000   Code   RO          560    .ARM.Collect$$libinit$$00000030  c_w.l(libinit2.o)
    0x08000162   0x08000162   0x00000000   Code   RO          562    .ARM.Collect$$libinit$$00000032  c_w.l(libinit2.o)
    0x08000162   0x08000162   0x00000002   Code   RO          563    .ARM.Collect$$libinit$$00000033  c_w.l(libinit2.o)
    0x08000164   0x08000164   0x00000002   Code   RO          583    .ARM.Collect$$libshutdown$$00000000  c_w.l(libshutdown.o)
    0x08000166   0x08000166   0x00000000   Code   RO          596    .ARM.Collect$$libshutdown$$00000002  c_w.l(libshutdown2.o)
    0x08000166   0x08000166   0x00000000   Code   RO          598    .ARM.Collect$$libshutdown$$00000004  c_w.l(libshutdown2.o)
    0x08000166   0x08000166   0x00000000   Code   RO          601    .ARM.Collect$$libshutdown$$00000007  c_w.l(libshutdown2.o)
    0x08000166   0x08000166   0x00000000   Code   RO          604    .ARM.Collect$$libshutdown$$0000000A  c_w.l(libshutdown2.o)
    0x08000166   0x08000166   0x00000000   Code   RO          606    .ARM.Collect$$libshutdown$$0000000C  c_w.l(libshutdown2.o)
    0x08000166   0x08000166   0x00000000   Code   RO          609    .ARM.Collect$$libshutdown$$0000000F  c_w.l(libshutdown2.o)
    0x08000166   0x08000166   0x00000002   Code   RO          610    .ARM.Collect$$libshutdown$$00000010  c_w.l(libshutdown2.o)
    0x08000168   0x08000168   0x00000000   Code   RO          475    .ARM.Collect$$rtentry$$00000000  c_w.l(__rtentry.o)
    0x08000168   0x08000168   0x00000000   Code   RO          488    .ARM.Collect$$rtentry$$00000002  c_w.l(__rtentry2.o)
    0x08000168   0x08000168   0x00000006   Code   RO          500    .ARM.Collect$$rtentry$$00000004  c_w.l(__rtentry4.o)
    0x0800016e   0x0800016e   0x00000000   Code   RO          490    .ARM.Collect$$rtentry$$00000009  c_w.l(__rtentry2.o)
    0x0800016e   0x0800016e   0x00000004   Code   RO          491    .ARM.Collect$$rtentry$$0000000A  c_w.l(__rtentry2.o)
    0x08000172   0x08000172   0x00000000   Code   RO          493    .ARM.Collect$$rtentry$$0000000C  c_w.l(__rtentry2.o)
    0x08000172   0x08000172   0x00000008   Code   RO          494    .ARM.Collect$$rtentry$$0000000D  c_w.l(__rtentry2.o)
    0x0800017a   0x0800017a   0x00000002   Code   RO          517    .ARM.Collect$$rtexit$$00000000  c_w.l(rtexit.o)
    0x0800017c   0x0800017c   0x00000000   Code   RO          565    .ARM.Collect$$rtexit$$00000002  c_w.l(rtexit2.o)
    0x0800017c   0x0800017c   0x00000004   Code   RO          566    .ARM.Collect$$rtexit$$00000003  c_w.l(rtexit2.o)
    0x08000180   0x08000180   0x00000006   Code   RO          567    .ARM.Collect$$rtexit$$00000004  c_w.l(rtexit2.o)
    0x08000186   0x08000186   0x00000002   PAD
    0x08000188   0x08000188   0x00000040   Code   RO          391  * .text               startup_stm32f10x_md.o
    0x080001c8   0x080001c8   0x00000064   Code   RO          443    .text               c_w.l(rt_memcpy_w.o)
    0x0800022c   0x0800022c   0x00000006   Code   RO          445    .text               c_w.l(heapauxi.o)
    0x08000232   0x08000232   0x0000004a   Code   RO          504    .text               c_w.l(sys_stackheap_outer.o)
    0x0800027c   0x0800027c   0x00000012   Code   RO          506    .text               c_w.l(exit.o)
    0x0800028e   0x0800028e   0x00000002   PAD
    0x08000290   0x08000290   0x00000008   Code   RO          514    .text               c_w.l(libspace.o)
    0x08000298   0x08000298   0x0000000c   Code   RO          575    .text               c_w.l(sys_exit.o)
    0x080002a4   0x080002a4   0x00000002   Code   RO          586    .text               c_w.l(use_no_semi.o)
    0x080002a6   0x080002a6   0x00000000   Code   RO          588    .text               c_w.l(indicate_semi.o)
    0x080002a6   0x080002a6   0x00000002   PAD
    0x080002a8   0x080002a8   0x00000134   Code   RO          102    i.CANInit           can.o
    0x080003dc   0x080003dc   0x00000010   Code   RO          103    i.CANMsgAvail       can.o
    0x080003ec   0x080003ec   0x0000007c   Code   RO          104    i.CANReceive        can.o
    0x08000468   0x08000468   0x0000007c   Code   RO          105    i.CANSend           can.o
    0x080004e4   0x080004e4   0x0000004c   Code   RO          227    i.CharacterBitMaps  lcd.o
    0x08000530   0x08000530   0x0000002e   Code   RO          228    i.ClearScreen       lcd.o
    0x0800055e   0x0800055e   0x0000001a   Code   RO          229    i.Delay             lcd.o
    0x08000578   0x08000578   0x00000050   Code   RO            4    i.EXTI3_IRQHandler  main.o
    0x080005c8   0x080005c8   0x000000b8   Code   RO            5    i.InitLEDs          main.o
    0x08000680   0x08000680   0x00000060   Code   RO          230    i.InitialiseLCDPins  lcd.o
    0x080006e0   0x080006e0   0x00000018   Code   RO          231    i.MicrosecondDelay  lcd.o
    0x080006f8   0x080006f8   0x00000020   Code   RO          232    i.MoveCursor        lcd.o
    0x08000718   0x08000718   0x000000a8   Code   RO          233    i.OutputPaddedInteger  lcd.o
    0x080007c0   0x080007c0   0x000000cc   Code   RO          234    i.OutputString      lcd.o
    0x0800088c   0x0800088c   0x00000030   Code   RO          235    i.SaveCharacterToRAM  lcd.o
    0x080008bc   0x080008bc   0x000000de   Code   RO          236    i.ScreenSetup       lcd.o
    0x0800099a   0x0800099a   0x00000002   PAD
    0x0800099c   0x0800099c   0x0000001c   Code   RO          152    i.SendChar          virtual_com.o
    0x080009b8   0x080009b8   0x00000044   Code   RO          153    i.SendInt           virtual_com.o
    0x080009fc   0x080009fc   0x00000010   Code   RO          154    i.SendLine          virtual_com.o
    0x08000a0c   0x08000a0c   0x00000018   Code   RO          155    i.SendString        virtual_com.o
    0x08000a24   0x08000a24   0x00000078   Code   RO          237    i.SetBar            lcd.o
    0x08000a9c   0x08000a9c   0x00000008   Code   RO          398    i.SetSysClock       system_stm32f10x.o
    0x08000aa4   0x08000aa4   0x000000e0   Code   RO          399    i.SetSysClockTo72   system_stm32f10x.o
    0x08000b84   0x08000b84   0x00000094   Code   RO          238    i.SingleScreen      lcd.o
    0x08000c18   0x08000c18   0x00000060   Code   RO          401    i.SystemInit        system_stm32f10x.o
    0x08000c78   0x08000c78   0x0000002c   Code   RO          239    i.TransmitCommand   lcd.o
    0x08000ca4   0x08000ca4   0x0000002c   Code   RO          240    i.TransmitCommandParameter  lcd.o
    0x08000cd0   0x08000cd0   0x0000000c   Code   RO            6    i.USB_HP_CAN1_TX_IRQHandler  main.o
    0x08000cdc   0x08000cdc   0x0000000c   Code   RO            7    i.USB_LP_CAN1_RX0_IRQHandler  main.o
    0x08000ce8   0x08000ce8   0x0000002c   Code   RO          241    i.UpdateScreenParameter  lcd.o
    0x08000d14   0x08000d14   0x0000006c   Code   RO          156    i.VirtualComInit    virtual_com.o
    0x08000d80   0x08000d80   0x00000014   Code   RO          242    i.WriteByteToDataBus  lcd.o
    0x08000d94   0x08000d94   0x0000001c   Code   RO          346    i.XBeeSendByte      xbee.o
    0x08000db0   0x08000db0   0x00000038   Code   RO          347    i.XBeeSendChar      xbee.o
    0x08000de8   0x08000de8   0x000000a4   Code   RO          348    i.XBeeTransmitCan   xbee.o
    0x08000e8c   0x08000e8c   0x0000001a   Code   RO            8    i.__NVIC_EnableIRQ  main.o
    0x08000ea6   0x08000ea6   0x00000002   PAD
    0x08000ea8   0x08000ea8   0x00000368   Code   RO            9    i.main              main.o
    0x08001210   0x08001210   0x0000006c   Code   RO          349    i.uart_init         xbee.o
    0x0800127c   0x0800127c   0x00000062   Code   RO          449    x$fpl$d2f           fz_ws.l(d2f.o)
    0x080012de   0x080012de   0x00000002   PAD
    0x080012e0   0x080012e0   0x00000154   Code   RO          451    x$fpl$dmul          fz_ws.l(dmul.o)
    0x08001434   0x08001434   0x0000009c   Code   RO          476    x$fpl$dnaninf       fz_ws.l(dnaninf.o)
    0x080014d0   0x080014d0   0x0000000c   Code   RO          478    x$fpl$dretinf       fz_ws.l(dretinf.o)
    0x080014dc   0x080014dc   0x00000056   Code   RO          453    x$fpl$f2d           fz_ws.l(f2d.o)
    0x08001532   0x08001532   0x00000018   Code   RO          502    x$fpl$fcmpinf       fz_ws.l(fcmpi.o)
    0x0800154a   0x0800154a   0x00000002   PAD
    0x0800154c   0x0800154c   0x00000184   Code   RO          456    x$fpl$fdiv          fz_ws.l(fdiv.o)
    0x080016d0   0x080016d0   0x00000036   Code   RO          459    x$fpl$ffix          fz_ws.l(ffix.o)
    0x08001706   0x08001706   0x00000002   PAD
    0x08001708   0x08001708   0x0000003e   Code   RO          463    x$fpl$ffixu         fz_ws.l(ffixu.o)
    0x08001746   0x08001746   0x00000002   PAD
    0x08001748   0x08001748   0x00000030   Code   RO          468    x$fpl$fflt          fz_ws.l(fflt_clz.o)
    0x08001778   0x08001778   0x00000068   Code   RO          480    x$fpl$fleqf         fz_ws.l(fleqf.o)
    0x080017e0   0x080017e0   0x0000008c   Code   RO          482    x$fpl$fnaninf       fz_ws.l(fnaninf.o)
    0x0800186c   0x0800186c   0x0000000a   Code   RO          484    x$fpl$fretinf       fz_ws.l(fretinf.o)
    0x08001876   0x08001876   0x00000062   Code   RO          473    x$fpl$frleqf        fz_ws.l(frleqf.o)
    0x080018d8   0x080018d8   0x00000000   Code   RO          486    x$fpl$usenofp       fz_ws.l(usenofp.o)
    0x080018d8   0x080018d8   0x00000100   Data   RO          243    .constdata          lcd.o
    0x080019d8   0x080019d8   0x00000020   Data   RO          641    Region$$Table       anon$$obj.o


    Execution Region ER_RW (Exec base: 0x20000000, Load base: 0x080019f8, Size: 0x000000a8, Max: 0xffffffff, ABSOLUTE)

    Exec Addr    Load Addr    Size         Type   Attr      Idx    E Section Name        Object

    0x20000000   0x080019f8   0x00000002   Data   RW           11    .data               main.o
    0x20000002   0x080019fa   0x000000a4   Data   RW          244    .data               lcd.o


    Execution Region ER_ZI (Exec base: 0x200000a8, Load base: 0x08001aa0, Size: 0x00000678, Max: 0xffffffff, ABSOLUTE)

    Exec Addr    Load Addr    Size         Type   Attr      Idx    E Section Name        Object

    0x200000a8        -       0x00000018   Zero   RW           10    .bss                main.o
    0x200000c0        -       0x00000060   Zero   RW          515    .bss                c_w.l(libspace.o)
    0x20000120        -       0x00000200   Zero   RW          389    HEAP                startup_stm32f10x_md.o
    0x20000320        -       0x00000400   Zero   RW          388    STACK               startup_stm32f10x_md.o


==============================================================================

Image component sizes


      Code (inc. data)   RO Data    RW Data    ZI Data      Debug   Object Name

       572         48          0          0          0       2683   can.o
      1362         98        256        164          0       9467   lcd.o
      1186        126          0          2         24     235283   main.o
        64         26        236          0       1536        820   startup_stm32f10x_md.o
       328         28          0          0          0       1989   system_stm32f10x.o
       244         40          0          0          0       2574   virtual_com.o
       356         64          0          0          0       2780   xbee.o

    ----------------------------------------------------------------------
      4116        430        524        168       1560     255596   Object Totals
         0          0         32          0          0          0   (incl. Generated)
         4          0          0          2          0          0   (incl. Padding)

    ----------------------------------------------------------------------

      Code (inc. data)   RO Data    RW Data    ZI Data      Debug   Library Member Name

         8          0          0          0          0         68   __main.o
         0          0          0          0          0          0   __rtentry.o
        12          0          0          0          0          0   __rtentry2.o
         6          0          0          0          0          0   __rtentry4.o
        52          8          0          0          0          0   __scatter.o
        26          0          0          0          0          0   __scatter_copy.o
        28          0          0          0          0          0   __scatter_zi.o
        18          0          0          0          0         80   exit.o
         6          0          0          0          0        152   heapauxi.o
         0          0          0          0          0          0   indicate_semi.o
         2          0          0          0          0          0   libinit.o
         2          0          0          0          0          0   libinit2.o
         2          0          0          0          0          0   libshutdown.o
         2          0          0          0          0          0   libshutdown2.o
         8          4          0          0         96         68   libspace.o
       100          0          0          0          0         80   rt_memcpy_w.o
         2          0          0          0          0          0   rtexit.o
        10          0          0          0          0          0   rtexit2.o
        12          4          0          0          0         68   sys_exit.o
        74          0          0          0          0         80   sys_stackheap_outer.o
         2          0          0          0          0         68   use_no_semi.o
        98          4          0          0          0         92   d2f.o
       340         12          0          0          0        104   dmul.o
       156          4          0          0          0         92   dnaninf.o
        12          0          0          0          0         68   dretinf.o
        86          4          0          0          0         84   f2d.o
        24          0          0          0          0         68   fcmpi.o
       388         76          0          0          0         96   fdiv.o
        54          4          0          0          0         84   ffix.o
        62          4          0          0          0         84   ffixu.o
        48          0          0          0          0         68   fflt_clz.o
       104          4          0          0          0         84   fleqf.o
       140          4          0          0          0         84   fnaninf.o
        10          0          0          0          0         68   fretinf.o
        98          0          0          0          0         68   frleqf.o
         0          0          0          0          0          0   usenofp.o

    ----------------------------------------------------------------------
      2008        132          0          0         96       1808   Library Totals
        16          0          0          0          0          0   (incl. Padding)

    ----------------------------------------------------------------------

      Code (inc. data)   RO Data    RW Data    ZI Data      Debug   Library Name

       372         16          0          0         96        664   c_w.l
      1620        116          0          0          0       1144   fz_ws.l

    ----------------------------------------------------------------------
      2008        132          0          0         96       1808   Library Totals

    ----------------------------------------------------------------------

==============================================================================


      Code (inc. data)   RO Data    RW Data    ZI Data      Debug   

      6124        562        524        168       1656     254696   Grand Totals
      6124        562        524        168       1656     254696   ELF Image Totals
      6124        562        524        168          0          0   ROM Totals

==============================================================================

    Total RO  Size (Code + RO Data)                 6648 (   6.49kB)
    Total RW  Size (RW Data + ZI Data)              1824 (   1.78kB)
    Total ROM Size (Code + RO Data + RW Data)       6816 (   6.66kB)

==============================================================================

